::1 - - [11/Jan/2026 23:34:36] "GET /committee.html HTTP/1.1" 200 -
::1 - - [11/Jan/2026 23:36:04] "GET /committee.html HTTP/1.1" 200 -
::1 - - [11/Jan/2026 23:36:04] "GET /src/css/style.css?v=3 HTTP/1.1" 304 -
::1 - - [11/Jan/2026 23:38:45] "GET /committee.html HTTP/1.1" 200 -
::1 - - [11/Jan/2026 23:38:53] "GET /committee.html HTTP/1.1" 200 -
::1 - - [11/Jan/2026 23:38:58] "GET /committee.html HTTP/1.1" 200 -
::1 - - [11/Jan/2026 23:38:58] "GET /src/css/style.css?v=3 HTTP/1.1" 200 -
::1 - - [11/Jan/2026 23:38:58] "GET /src/css/committee.css?v=3 HTTP/1.1" 200 -
::1 - - [11/Jan/2026 23:38:58] "GET /src/img/Organisers/Dr_Ramdas_M_Pai.png HTTP/1.1" 200 -
::1 - - [11/Jan/2026 23:38:58] "GET /src/img/Organisers/dr.ranjan.jpg HTTP/1.1" 200 -
::1 - - [11/Jan/2026 23:38:58] "GET /src/img/Organisers/Dr.M.D.Venkatesh.png HTTP/1.1" 200 -
::1 - - [11/Jan/2026 23:38:58] "GET /src/img/Organisers/Dr.H.S.Ballal.jpg HTTP/1.1" 200 -
::1 - - [11/Jan/2026 23:38:58] "GET /src/img/Organisers/Dr_Madhu_Veeraraghavan.png HTTP/1.1" 200 -
::1 - - [11/Jan/2026 23:38:58] "GET /src/img/Organisers/Dr.Narayana.png HTTP/1.1" 200 -
::1 - - [11/Jan/2026 23:38:58] "GET /src/img/Organisers/Dr-Giridhar-Kini.jpg HTTP/1.1" 200 -
::1 - - [11/Jan/2026 23:38:58] "GET /src/img/Organisers/Dr-Raghavendra-Prabhu-P.jpg HTTP/1.1" 200 -
::1 - - [11/Jan/2026 23:38:58] "GET /src/img/Organisers/drsudhindra.png HTTP/1.1" 200 -
::1 - - [11/Jan/2026 23:38:58] "GET /src/img/Organisers/dr.iven.jpg HTTP/1.1" 200 -
::1 - - [11/Jan/2026 23:38:58] "GET /src/img/Organisers/drshri.jpg HTTP/1.1" 200 -
::1 - - [11/Jan/2026 23:38:58] "GET /src/img/Organisers/Dr%20Prema%20KV.png HTTP/1.1" 200 -
::1 - - [11/Jan/2026 23:38:58] "GET /src/img/Organisers/Dr.Dayananda.jpg HTTP/1.1" 200 -
::1 - - [11/Jan/2026 23:38:58] "GET /src/img/Organisers/Dr.GururajHL.jpg HTTP/1.1" 200 -
::1 - - [11/Jan/2026 23:38:58] "GET /src/img/Organisers/Dr.Shreyas.jpg HTTP/1.1" 200 -
::1 - - [11/Jan/2026 23:38:58] "GET /src/img/Organisers/drsophia.jpg HTTP/1.1" 200 -
::1 - - [11/Jan/2026 23:38:58] "GET /src/img/Organisers/Dr.GopalkrishnanT.jpg HTTP/1.1" 200 -
::1 - - [11/Jan/2026 23:38:58] "GET /src/img/aryan-choudhary.jpg HTTP/1.1" 200 -
::1 - - [11/Jan/2026 23:38:58] "GET /src/img/keshav-kaushik.jpg HTTP/1.1" 200 -
::1 - - [11/Jan/2026 23:38:58] "GET /src/img/Speakers/Osamah-Khalaf.png HTTP/1.1" 200 -
::1 - - [11/Jan/2026 23:38:58] "GET /src/img/Speakers/ghaidaa.png HTTP/1.1" 200 -
::1 - - [11/Jan/2026 23:38:58] "GET /src/img/Speakers/Shin-Hung_Pan.png HTTP/1.1" 200 -
::1 - - [11/Jan/2026 23:38:58] "GET /src/img/Speakers/Wing-Keung-Wong.png HTTP/1.1" 200 -
::1 - - [11/Jan/2026 23:38:58] "GET /src/img/Organisers/Dr.Abhijit.jpg HTTP/1.1" 200 -
::1 - - [11/Jan/2026 23:38:58] "GET /src/img/Organisers/Dr.Anitha.jpg HTTP/1.1" 200 -
::1 - - [11/Jan/2026 23:38:58] "GET /src/img/Organisers/Dr.Amreen.jpg HTTP/1.1" 200 -
::1 - - [11/Jan/2026 23:38:58] "GET /src/img/Organisers/Dr.%20Arun%20.jpg HTTP/1.1" 200 -
::1 - - [11/Jan/2026 23:38:58] "GET /src/img/Organisers/P.Devisivasankari.jpg HTTP/1.1" 200 -
::1 - - [11/Jan/2026 23:38:58] "GET /src/img/Organisers/Dr.Ignisha.jpg HTTP/1.1" 200 -
::1 - - [11/Jan/2026 23:38:58] "GET /src/img/Organisers/Dr.Karthik.jpg HTTP/1.1" 200 -
::1 - - [11/Jan/2026 23:38:58] "GET /src/img/Organisers/Dr.SK.jpg HTTP/1.1" 200 -
::1 - - [11/Jan/2026 23:38:58] "GET /src/img/Organisers/Dr.Preethi.jpg HTTP/1.1" 200 -
::1 - - [11/Jan/2026 23:38:58] "GET /src/img/Organisers/Dr.S.priya.jpg HTTP/1.1" 200 -
::1 - - [11/Jan/2026 23:38:58] "GET /src/img/Organisers/Dr.Raghavendra.jpg HTTP/1.1" 200 -
::1 - - [11/Jan/2026 23:38:58] "GET /src/img/Organisers/Dr.RuhulAH.jpg HTTP/1.1" 200 -
::1 - - [11/Jan/2026 23:38:58] "GET /src/img/Organisers/Dr.Sangeeta.jpg HTTP/1.1" 200 -
::1 - - [11/Jan/2026 23:38:58] "GET /src/img/Organisers/Ms.SapnaR.jpg HTTP/1.1" 200 -
::1 - - [11/Jan/2026 23:38:58] "GET /src/img/Organisers/Dr.Sumanth.jpg HTTP/1.1" 200 -
::1 - - [11/Jan/2026 23:38:58] "GET /src/img/Organisers/Dr.Usha.jpg HTTP/1.1" 200 -
::1 - - [11/Jan/2026 23:38:58] "GET /src/img/Organisers/Dr.VishnuSMY.jpg HTTP/1.1" 200 -
::1 - - [11/Jan/2026 23:38:58] "GET /src/img/Organisers/drabdulla.jpg HTTP/1.1" 200 -
::1 - - [11/Jan/2026 23:38:58] "GET /src/img/Organisers/drdeepa.jpg HTTP/1.1" 200 -
::1 - - [11/Jan/2026 23:38:58] "GET /src/img/Organisers/drganesan.jpg HTTP/1.1" 200 -
::1 - - [11/Jan/2026 23:38:58] "GET /src/img/Organisers/drjawid.jpg HTTP/1.1" 200 -
::1 - - [11/Jan/2026 23:38:58] "GET /src/img/Organisers/drramaprasad.jpg HTTP/1.1" 200 -
::1 - - [11/Jan/2026 23:38:58] "GET /src/img/Organisers/drravishankar.jpg HTTP/1.1" 200 -
::1 - - [11/Jan/2026 23:38:58] "GET /src/img/Organisers/Dr%20Roma%20Raina.jpg HTTP/1.1" 200 -
::1 - - [11/Jan/2026 23:38:58] "GET /src/img/Organisers/Sachidananda%20HK.jpg HTTP/1.1" 200 -
::1 - - [11/Jan/2026 23:38:58] "GET /src/img/Organisers/Sampath%20Suranjan%20Salins.jpg HTTP/1.1" 200 -
::1 - - [11/Jan/2026 23:38:58] "GET /src/img/Organisers/Suresha%20R.png HTTP/1.1" 200 -
::1 - - [11/Jan/2026 23:38:58] "GET /src/img/Organisers/GuruShankar.jpg HTTP/1.1" 200 -
::1 - - [11/Jan/2026 23:38:58] "GET /src/img/Organisers/Shreelakshmi.jpg HTTP/1.1" 200 -
::1 - - [11/Jan/2026 23:38:58] "GET /src/img/Organisers/Soundarya.jpg HTTP/1.1" 200 -
::1 - - [11/Jan/2026 23:38:58] "GET /src/img/Organisers/Sowmya.jpg HTTP/1.1" 200 -
::1 - - [11/Jan/2026 23:38:58] "GET /src/img/Organisers/Udayaprasad.jpg HTTP/1.1" 200 -
::1 - - [11/Jan/2026 23:38:58] "GET /src/img/Organisers/Karthikeya(1).jpg HTTP/1.1" 200 -
::1 - - [11/Jan/2026 23:38:58] "GET /src/img/Organisers/Nishanth(1).jpg HTTP/1.1" 200 -
::1 - - [11/Jan/2026 23:38:58] "GET /src/img/Organisers/Pritam.jpg HTTP/1.1" 200 -
::1 - - [11/Jan/2026 23:38:58] "GET /src/img/Organisers/Anvitha_Karanth.jpg HTTP/1.1" 200 -
::1 - - [11/Jan/2026 23:38:58] "GET /src/img/Organisers/Nihitha_H_R.jpg HTTP/1.1" 200 -
::1 - - [11/Jan/2026 23:38:58] "GET /src/img/Organisers/Shivansh.jpg HTTP/1.1" 200 -
::1 - - [11/Jan/2026 23:38:58] "GET /src/img/Organisers/Shane.jpg HTTP/1.1" 200 -
::1 - - [11/Jan/2026 23:38:58] "GET /src/img/Organisers/Samyak.jpg HTTP/1.1" 200 -
::1 - - [11/Jan/2026 23:38:58] "GET /src/img/Organisers/Nandan.jpg HTTP/1.1" 200 -
::1 - - [11/Jan/2026 23:38:58] "GET /src/img/Organisers/Lakshya_Banga.jpg HTTP/1.1" 200 -
::1 - - [11/Jan/2026 23:38:58] "GET /src/img/Organisers/Dheeraj%20Sai.jpg HTTP/1.1" 200 -
